// Jest Snapshot v1, https://goo.gl/fbAQLP

exports[`Render DateValueCard component 1`] = `
Object {
  "asFragment": [Function],
  "baseElement": <body>
    <div>
      <div
        class="sc-bczRLJ fUzKTP"
      >
        <div
          class="footer-card--amount"
        >
          <img
            alt="Etherium icon"
            src="./assets/images/icon-ethereum.svg"
          />
          <span
            data-testid="footer-card--value"
          >
            0.041
             
            ETH
          </span>
        </div>
        <div
          class="footer-card--time"
        >
          <img
            alt="Clock icon"
            src="./assets/images/icon-clock.svg"
          />
          <span
            data-testid="footer-card--days"
          >
            3
             days left
          </span>
        </div>
      </div>
    </div>
  </body>,
  "container": <div>
    <div
      class="sc-bczRLJ fUzKTP"
    >
      <div
        class="footer-card--amount"
      >
        <img
          alt="Etherium icon"
          src="./assets/images/icon-ethereum.svg"
        />
        <span
          data-testid="footer-card--value"
        >
          0.041
           
          ETH
        </span>
      </div>
      <div
        class="footer-card--time"
      >
        <img
          alt="Clock icon"
          src="./assets/images/icon-clock.svg"
        />
        <span
          data-testid="footer-card--days"
        >
          3
           days left
        </span>
      </div>
    </div>
  </div>,
  "debug": [Function],
  "findAllByAltText": [Function],
  "findAllByDisplayValue": [Function],
  "findAllByLabelText": [Function],
  "findAllByPlaceholderText": [Function],
  "findAllByRole": [Function],
  "findAllByTestId": [Function],
  "findAllByText": [Function],
  "findAllByTitle": [Function],
  "findByAltText": [Function],
  "findByDisplayValue": [Function],
  "findByLabelText": [Function],
  "findByPlaceholderText": [Function],
  "findByRole": [Function],
  "findByTestId": [Function],
  "findByText": [Function],
  "findByTitle": [Function],
  "getAllByAltText": [Function],
  "getAllByDisplayValue": [Function],
  "getAllByLabelText": [Function],
  "getAllByPlaceholderText": [Function],
  "getAllByRole": [Function],
  "getAllByTestId": [Function],
  "getAllByText": [Function],
  "getAllByTitle": [Function],
  "getByAltText": [Function],
  "getByDisplayValue": [Function],
  "getByLabelText": [Function],
  "getByPlaceholderText": [Function],
  "getByRole": [Function],
  "getByTestId": [Function],
  "getByText": [Function],
  "getByTitle": [Function],
  "queryAllByAltText": [Function],
  "queryAllByDisplayValue": [Function],
  "queryAllByLabelText": [Function],
  "queryAllByPlaceholderText": [Function],
  "queryAllByRole": [Function],
  "queryAllByTestId": [Function],
  "queryAllByText": [Function],
  "queryAllByTitle": [Function],
  "queryByAltText": [Function],
  "queryByDisplayValue": [Function],
  "queryByLabelText": [Function],
  "queryByPlaceholderText": [Function],
  "queryByRole": [Function],
  "queryByTestId": [Function],
  "queryByText": [Function],
  "queryByTitle": [Function],
  "rerender": [Function],
  "unmount": [Function],
}
`;
